Error: Unable to start process 'rat'
Error: Unable to start process 'rat'
Error: Unable to start process 'rat'
Error: Unable to start process 'rat'
Error: Unable to start process 'rat'
Error: Unable to start process 'rat'
Error: Unable to start process 'rat'
Error: Unable to start process 'rat'
Error: Unable to start process 'rat'
Error: Unable to start process 'rat'
Error: Unable to start process 'rat'
Error: Unable to start process 'rat'
Error: Unable to start process 'rat'
Error: Unable to start process 'rat'
Error: Unable to start process 'rat'
Error: Unable to start process 'rat'
Error: Unable to start process 'rat'
Error: Unable to start process 'rat'
Error: Unable to start process 'rat'
Error: Unable to start process 'rat'
Error: Unable to start process 'rat'
Error: Unable to start process 'rat'
Error: Unable to start process 'rat'
Error: Unable to start process 'rat'
Error: Unable to start process 'rat'
Error: Unable to start process 'rat'
Error: Unable to start process 'rat'
Error: Unable to start process 'rat'
Error: Unable to start process 'rat'
Error: Unable to start process 'rat'
Error: Unable to start process 'rat'
Error: Unable to start process 'rat'
Error: Unable to start process 'rat'
Error: Unable to start process 'rat'
Error: Unable to start process 'rat'
Error: Unable to start process 'rat'
Error: Unable to start process 'rat'
Error: Unable to start process 'rat'
