/home/test1.sh
/home/test
/home/test/tooManyArguments.out
/home/test/tooManyArguments.in
/home/testy test
/home/testy test/testy file.sh
/home/testy test/testy test
